{
  "version": "1.5.0",
  "plugins_used": [
    {
      "name": "ArtifactoryDetector"
    },
    {
      "name": "AWSKeyDetector"
    },
    {
      "name": "AzureStorageKeyDetector"
    },
    {
      "name": "Base64HighEntropyString",
      "limit": 4.5
    },
    {
      "name": "BasicAuthDetector"
    },
    {
      "name": "CloudantDetector"
    },
    {
      "name": "DiscordBotTokenDetector"
    },
    {
      "name": "GitHubTokenDetector"
    },
    {
      "name": "GitLabTokenDetector"
    },
    {
      "name": "HexHighEntropyString",
      "limit": 3.0
    },
    {
      "name": "IbmCloudIamDetector"
    },
    {
      "name": "IbmCosHmacDetector"
    },
    {
      "name": "IPPublicDetector"
    },
    {
      "name": "JwtTokenDetector"
    },
    {
      "name": "KeywordDetector",
      "keyword_exclude": ""
    },
    {
      "name": "MailchimpDetector"
    },
    {
      "name": "NpmDetector"
    },
    {
      "name": "OpenAIDetector"
    },
    {
      "name": "PrivateKeyDetector"
    },
    {
      "name": "PypiTokenDetector"
    },
    {
      "name": "SendGridDetector"
    },
    {
      "name": "SlackDetector"
    },
    {
      "name": "SoftlayerDetector"
    },
    {
      "name": "SquareOAuthDetector"
    },
    {
      "name": "StripeDetector"
    },
    {
      "name": "TelegramBotTokenDetector"
    },
    {
      "name": "TwilioKeyDetector"
    }
  ],
  "filters_used": [
    {
      "path": "detect_secrets.filters.allowlist.is_line_allowlisted"
    },
    {
      "path": "detect_secrets.filters.common.is_baseline_file",
      "filename": ".secrets.baseline"
    },
    {
      "path": "detect_secrets.filters.common.is_ignored_due_to_verification_policies",
      "min_level": 2
    },
    {
      "path": "detect_secrets.filters.heuristic.is_indirect_reference"
    },
    {
      "path": "detect_secrets.filters.heuristic.is_likely_id_string"
    },
    {
      "path": "detect_secrets.filters.heuristic.is_lock_file"
    },
    {
      "path": "detect_secrets.filters.heuristic.is_not_alphanumeric_string"
    },
    {
      "path": "detect_secrets.filters.heuristic.is_potential_uuid"
    },
    {
      "path": "detect_secrets.filters.heuristic.is_prefixed_with_dollar_sign"
    },
    {
      "path": "detect_secrets.filters.heuristic.is_sequential_string"
    },
    {
      "path": "detect_secrets.filters.heuristic.is_swagger_file"
    },
    {
      "path": "detect_secrets.filters.heuristic.is_templated_secret"
    }
  ],
  "results": {
    "config/default.yaml": [
      {
        "type": "Basic Auth Credentials",
        "filename": "config/default.yaml",
        "hashed_secret": "afc848c316af1a89d49826c5ae9d00ed769415f3",
        "is_verified": false,
        "line_number": 41
      }
    ],
    "docs/02-architecture.md": [
      {
        "type": "Secret Keyword",
        "filename": "docs/02-architecture.md",
        "hashed_secret": "9a940f63fe9860290cf6ec82b99838a627784c7c",
        "is_verified": false,
        "line_number": 493
      }
    ],
    "src/understudy/common/config.py": [
      {
        "type": "Basic Auth Credentials",
        "filename": "src/understudy/common/config.py",
        "hashed_secret": "afc848c316af1a89d49826c5ae9d00ed769415f3",
        "is_verified": false,
        "line_number": 62
      },
      {
        "type": "Secret Keyword",
        "filename": "src/understudy/common/config.py",
        "hashed_secret": "506f30bf33917c420d56a41dfc1072fd8b1525f5",
        "is_verified": false,
        "line_number": 262
      },
      {
        "type": "Secret Keyword",
        "filename": "src/understudy/common/config.py",
        "hashed_secret": "96acef6daeb02d6008ef1bc184f3c28d279e28e3",
        "is_verified": false,
        "line_number": 269
      },
      {
        "type": "Secret Keyword",
        "filename": "src/understudy/common/config.py",
        "hashed_secret": "59c5b97fd14675f97ad7b41d2be63e0489898347",
        "is_verified": false,
        "line_number": 271
      }
    ],
    "src/understudy/common/ids.py": [
      {
        "type": "Base64 High Entropy String",
        "filename": "src/understudy/common/ids.py",
        "hashed_secret": "3ea6cf17f95e272933a3b927317b7210d1bac5d5",
        "is_verified": false,
        "line_number": 6
      }
    ],
    "tests/unit/common/test_config.py": [
      {
        "type": "Base64 High Entropy String",
        "filename": "tests/unit/common/test_config.py",
        "hashed_secret": "455c30d5f0c56432ca62eb6e105e1fa5fd919cda",
        "is_verified": false,
        "line_number": 54
      },
      {
        "type": "Base64 High Entropy String",
        "filename": "tests/unit/common/test_config.py",
        "hashed_secret": "c6d3c6dd3a465163f5bc3dbc463ee2a1cb52e848",
        "is_verified": false,
        "line_number": 55
      },
      {
        "type": "Secret Keyword",
        "filename": "tests/unit/common/test_config.py",
        "hashed_secret": "ae284f69127cba1a50a178894a19bbb7f4e82234",
        "is_verified": false,
        "line_number": 82
      },
      {
        "type": "Secret Keyword",
        "filename": "tests/unit/common/test_config.py",
        "hashed_secret": "7ed78b2348964f9855b1fb61555d90a954642653",
        "is_verified": false,
        "line_number": 170
      },
      {
        "type": "Secret Keyword",
        "filename": "tests/unit/common/test_config.py",
        "hashed_secret": "f8ad12b8fb6c37169ee984a4e67895be8a24c985",
        "is_verified": false,
        "line_number": 206
      }
    ]
  },
  "generated_at": "2026-09-10T01:40:27Z"
}
